Project "BaguetteLib" successfully added! (baguettelib-1.21.1-NeoForge-2.0.3.jar)
Searching Modrinth...
Project "ChoiceTheorem's Overhauled Village" successfully added! ([Neoforge]ctov-3.6.3.jar)
Project "Chunky" successfully added! (Chunky-NeoForge-1.4.23.jar)
Project "Clumps" successfully added! (Clumps-neoforge-1.21.1-19.0.0.1.jar)
Searching Modrinth...
Failed to add project: failed to get latest version: no valid versions found
	Use the 'packwiz settings acceptable-versions' command to accept more game versions
	To use datapacks, add a datapack loader mod and specify the datapack-folder option with the folder this mod loads datapacks from
Searching Modrinth...
Failed to add project: no projects found
Project "Incendium" successfully added! (Incendium_1.21.x_v5.4.4.jar)
Project "Lithosphere" successfully added! (lithosphere-1.7.jar)
Searching Modrinth...
Finding dependencies...
Dependencies found:
JamLib
Architectury API
Would you like to add them? [Y/n]: Y (non-interactive mode)
Dependency "JamLib" successfully added! (jamlib-neoforge-1.3.6+1.21.1.jar)
Dependency "Architectury API" successfully added! (architectury-13.0.8-neoforge.jar)
Project "RightClickHarvest" successfully added! (rightclickharvest-neoforge-4.6.1+1.21.1.jar)
Searching Modrinth...
Finding dependencies...
Dependencies found:
Sable
Would you like to add them? [Y/n]: Y (non-interactive mode)
Dependency "Sable" successfully added! (sable-neoforge-1.21.1-1.2.2.jar)
Project "Sable: Collision damage  (Create Aeronautics)" successfully added! (sablecollisiondamage-1.0.7.jar)
Project "Sparse Structures" successfully added! (sparsestructures-neoforge-1.21.1-3.0.jar)
Project "Stellarity" successfully added! (Stellarity-3.0.6.1.jar)
Searching Modrinth...
Finding dependencies...
All dependencies are already added!
Project "Still Life" successfully added! (still-life-0.1.1.jar)
Searching Modrinth...
Project "3D Skin Layers" successfully added! (skinlayers3d-neoforge-1.11.1-mc1.21.1.jar)
Searching Modrinth...
Finding dependencies...
Dependencies found:
Iceberg
Would you like to add them? [Y/n]: Y (non-interactive mode)
Dependency "Iceberg" successfully added! (Iceberg-1.21.1-neoforge-1.3.2.jar)
Project "Advancement Plaques" successfully added! (AdvancementPlaques-1.21.1-neoforge-1.6.8.jar)
Searching Modrinth...
Finding dependencies...
Failed to get latest version of dependency Fabric API: no valid versions found
	Use the 'packwiz settings acceptable-versions' command to accept more game versions
	To use datapacks, add a datapack loader mod and specify the datapack-folder option with the folder this mod loads datapacks from
Failed to get latest version of dependency Fabric API: no valid versions found
	Use the 'packwiz settings acceptable-versions' command to accept more game versions
	To use datapacks, add a datapack loader mod and specify the datapack-folder option with the folder this mod loads datapacks from
Dependencies found:
McQoy
Surveyor Map Framework
Would you like to add them? [Y/n]: Y (non-interactive mode)
Dependency "McQoy" successfully added! (mcqoy-0.4.1+neo-1.21.jar)
Dependency "Surveyor Map Framework" successfully added! (surveyor-1.2.4+1.21.jar)
Project "Antique Atlas 4" successfully added! (antique-atlas-3.1.2+1.21.jar)
Project "AppleSkin" successfully added! (appleskin-neoforge-mc1.21-3.0.9.jar)
Searching Modrinth...
Failed to add project: no projects found
Searching Modrinth...
Project "Better Third Person" successfully added! (BetterThirdPerson-neoforge-1.9.0.jar)
Finding dependencies...
Dependencies found:
Cloth Config API
Would you like to add them? [Y/n]: Y (non-interactive mode)
Dependency "Cloth Config API" successfully added! (cloth-config-15.0.140-neoforge.jar)
Project "BetterF3" successfully added! (BetterF3-11.0.3-NeoForge-1.21.1.jar)
Searching Modrinth...
Failed to add project: failed to get latest version: no valid versions found
	Use the 'packwiz settings acceptable-versions' command to accept more game versions
	To use datapacks, add a datapack loader mod and specify the datapack-folder option with the folder this mod loads datapacks from
Searching Modrinth...
Finding dependencies...
Dependencies found:
Sodium
Would you like to add them? [Y/n]: Y (non-interactive mode)
Dependency "Sodium" successfully added! (sodium-neoforge-0.8.12-alpha.2+mc1.21.1.jar)
Project "Chunks fade in" successfully added! (chunksfadein-neoforge-3.0.20-1.21.jar)
Searching Modrinth...
Failed to add project: failed to get latest version: no valid versions found
	Use the 'packwiz settings acceptable-versions' command to accept more game versions
	To use datapacks, add a datapack loader mod and specify the datapack-folder option with the folder this mod loads datapacks from
Searching Modrinth...
Finding dependencies...
Failed to get latest version of dependency CIT Resewn: no valid versions found
	Use the 'packwiz settings acceptable-versions' command to accept more game versions
	To use datapacks, add a datapack loader mod and specify the datapack-folder option with the folder this mod loads datapacks from
Failed to get latest version of dependency CIT Resewn: no valid versions found
	Use the 'packwiz settings acceptable-versions' command to accept more game versions
	To use datapacks, add a datapack loader mod and specify the datapack-folder option with the folder this mod loads datapacks from
Dependencies found:
Sinytra Connector
Forgified Fabric API
Would you like to add them? [Y/n]: Y (non-interactive mode)
Dependency "Sinytra Connector" successfully added! (connector-2.0.0-beta.14+1.21.1-full.jar)
Dependency "Forgified Fabric API" successfully added! (forgified-fabric-api-0.116.7+2.2.4+1.21.1.jar)
Project "CITResewnNeoPatcher" successfully added! (citresewn_neopatcher-1.1.0-1.2.2.jar)
Searching Modrinth...
Finding dependencies...
Warning: Modrinth versions for Create inconsistent between latest version number and newest release date (mc1.21.1-6.0.9 vs 6.0.10+mc1.21.1)
Dependencies found:
EMI
Create
Would you like to add them? [Y/n]: Y (non-interactive mode)
Dependency "EMI" successfully added! (emi-1.1.24+1.21.1+neoforge.jar)
Dependency "Create" successfully added! (create-1.21.1-6.0.10.jar)
Project "EMI: Create Schematics" successfully added! (emi_create_schematics-1.1.0.jar)
Searching Modrinth...
Project "Distant Horizons" successfully added! (DistantHorizons-3.0.3-b-1.21.1-fabric-neoforge.jar)
Searching Modrinth...
Finding dependencies...
All dependencies are already added!
Project "Do a Barrel Roll" successfully added! (do_a_barrel_roll-neoforge-3.7.3+1.21.jar)
Project "EMI" successfully added! (emi-1.1.24+1.21.1+neoforge.jar)
Finding dependencies...
All dependencies are already added!
Project "EMIffect" successfully added! (emiffect-neoforge-2.1.6+mc1.21.1.jar)
Searching Modrinth...
Finding dependencies...
Dependencies found:
[ETF] Entity Texture Features
Would you like to add them? [Y/n]: Y (non-interactive mode)
Dependency "[ETF] Entity Texture Features" successfully added! (entity_texture_features_1.21-neoforge-7.1.jar)
Project "[EMF] Entity Model Features" successfully added! (entity_model_features-3.2.4-1.21-neoforge.jar)
Searching Modrinth...
Project "[ETF] Entity Texture Features" successfully added! (entity_texture_features_1.21-neoforge-7.1.jar)
Project "Entity Culling" successfully added! (entityculling-neoforge-1.10.2-mc1.21.1.jar)
Failed to add project: failed to get latest version: no valid versions found
	Use the 'packwiz settings acceptable-versions' command to accept more game versions
	To use datapacks, add a datapack loader mod and specify the datapack-folder option with the folder this mod loads datapacks from
Project "Iceberg" successfully added! (Iceberg-1.21.1-neoforge-1.3.2.jar)
Project "ImmediatelyFast" successfully added! (ImmediatelyFast-NeoForge-1.6.10+1.21.1.jar)
Searching Modrinth...
Finding dependencies...
Dependencies found:
libIPN
Kotlin for Forge
Would you like to add them? [Y/n]: Y (non-interactive mode)
Dependency "libIPN" successfully added! (libIPN-neoforge-1.21.1-6.6.3.jar)
Dependency "Kotlin for Forge" successfully added! (kotlinforforge-5.11.0-all.jar)
Project "Inventory Profiles Next" successfully added! (InventoryProfilesNext-neoforge-1.21.1-2.2.5.jar)
Finding dependencies...
All dependencies are already added!
Project "InvMove" successfully added! (InvMove-0.9.3+1.21.1-NeoForge.jar)
Finding dependencies...
All dependencies are already added!
Project "InvMoveCompats" successfully added! (InvMoveCompats-0.5.0+1.21.8-NeoForge.jar)
Finding dependencies...
All dependencies are already added!
Project "Iris Shaders" successfully added! (iris-neoforge-1.8.12+mc1.21.1.jar)
Searching Modrinth...
Finding dependencies...
Dependencies found:
Prism
Would you like to add them? [Y/n]: Y (non-interactive mode)
Dependency "Prism" successfully added! (Prism-1.21.1-neoforge-1.0.11.jar)
Project "Item Borders" successfully added! (ItemBorders-1.21-neoforge-1.2.5.jar)
Project "Jade 🔍" successfully added! (Jade-1.21.1-NeoForge-15.10.5.jar)
Searching Modrinth...
Failed to add project: no projects found
Searching Modrinth...
Finding dependencies...
All dependencies are already added!
Project "Jade Addons (Neo/Forge)" successfully added! (JadeAddons-1.21.1-NeoForge-6.1.0.jar)
Searching Modrinth...
Project "Jade Sable Compat" successfully added! (sablejade-1.1.0.jar)
Finding dependencies...
Failed to get latest version of dependency Fabric API: no valid versions found
	Use the 'packwiz settings acceptable-versions' command to accept more game versions
	To use datapacks, add a datapack loader mod and specify the datapack-folder option with the folder this mod loads datapacks from
All dependencies are already added!
Project "LambDynamicLights - Dynamic Lights" successfully added! (lambdynamiclights-4.8.8+1.21.1.jar)
Finding dependencies...
All dependencies are already added!
Project "libIPN" successfully added! (libIPN-neoforge-1.21.1-6.6.3.jar)
Searching Modrinth...
Finding dependencies...
All dependencies are already added!
Project "More Culling" successfully added! (moreculling-neoforge-1.21.1-1.0.8.jar)
Searching Modrinth...
Project "Mouse Tweaks" successfully added! (MouseTweaks-neoforge-mc1.21-2.26.1.jar)
Failed to add project: failed to get latest version: no valid versions found
	Use the 'packwiz settings acceptable-versions' command to accept more game versions
	To use datapacks, add a datapack loader mod and specify the datapack-folder option with the folder this mod loads datapacks from
Failed to add project: failed to get latest version: no valid versions found
	Use the 'packwiz settings acceptable-versions' command to accept more game versions
	To use datapacks, add a datapack loader mod and specify the datapack-folder option with the folder this mod loads datapacks from
Searching Modrinth...
Failed to add project: failed to get latest version: no valid versions found
	Use the 'packwiz settings acceptable-versions' command to accept more game versions
	To use datapacks, add a datapack loader mod and specify the datapack-folder option with the folder this mod loads datapacks from
Searching Modrinth...
Finding dependencies...
All dependencies are already added!
Project "Rolling Down in the Deep" successfully added! (rolling-down-in-the-deep-0.2.1+1.21.1-neoforge.jar)
Project "Sodium" successfully added! (sodium-neoforge-0.8.12-alpha.2+mc1.21.1.jar)
Searching Modrinth...
Finding dependencies...
Dependencies found:
YUNG's API
Would you like to add them? [Y/n]: Y (non-interactive mode)
Dependency "YUNG's API" successfully added! (YungsApi-1.21.1-NeoForge-5.1.6.jar)
Project "Traveler's Titles" successfully added! (TravelersTitles-1.21.1-NeoForge-5.1.3.jar)
Searching Modrinth...
Finding dependencies...
Dependencies found:
vista
Would you like to add them? [Y/n]: Y (non-interactive mode)
Dependency "vista" successfully added! (vista-neoforge-1.21.1-4.3.1.jar)
Project "Vista Aeronautics Fix" successfully added! (VistaAeronauticsFix-1.0.0.jar)
Searching Modrinth...
Finding dependencies...
Failed to get latest version of dependency Fabric API: no valid versions found
	Use the 'packwiz settings acceptable-versions' command to accept more game versions
	To use datapacks, add a datapack loader mod and specify the datapack-folder option with the folder this mod loads datapacks from
All dependencies are already added!
Project "AA4 Atlas" successfully added! (aa4-atlas-1.1.2+1.21.jar)
Searching Modrinth...
Failed to add project: no projects found
Searching Modrinth...
Project "Aeronautics Camera Sync" successfully added! (aero_cam_sync-1.2.0.jar)
Searching CurseForge...
Project "AllTheLeaks (Memory Leak Fix)" successfully added! (alltheleaks-1.1.9+1.21.1-neoforge.jar)
Searching Modrinth...
Finding dependencies...
All dependencies are already added!
Project "Antique Transport" successfully added! (antique_transport-1.2.1+1.21.1.jar)
Searching CurseForge...
Project "Creeper Confetti Plus" successfully added! (creeper-confetti-plus-1.1.0+1.21.1.jar)
Searching Modrinth...
Project "bad packets" successfully added! (badpackets-neo-0.8.2.jar)
Searching Modrinth...
Finding dependencies...
Dependencies found:
Resourceful Config
Would you like to add them? [Y/n]: Y (non-interactive mode)
Dependency "Resourceful Config" successfully added! (resourcefulconfig-neoforge-1.21-3.0.11.jar)
Project "Better Archeology" successfully added! (betterarcheology-neoforge-1.21.1-1.3.4.jar)
Searching Modrinth...
Finding dependencies...
Dependencies found:
Puzzles Lib
Would you like to add them? [Y/n]: Y (non-interactive mode)
Dependency "Puzzles Lib" successfully added! (PuzzlesLib-v21.1.39-1.21.1-NeoForge.jar)
Project "Better Tridents" successfully added! (BetterTridents-v21.1.0-1.21.1-NeoForge.jar)
Searching CurseForge...
Project "Capybaras" successfully added! (Capybaras.zip)
Searching Modrinth...
Project "Carry On" successfully added! (carryon-neoforge-1.21.1-2.2.4.4.jar)
Searching Modrinth...
Failed to add project: no projects found
Searching Modrinth...
Project "Cold Sweat" successfully added! (ColdSweat-2.4.jar)
Searching Modrinth...
Failed to add project: no projects found
Project "CoroUtil" successfully added! (coroutil-neoforge-1.21.0-1.3.8.jar)
Warning: Modrinth versions for Create inconsistent between latest version number and newest release date (mc1.21.1-6.0.9 vs 6.0.10+mc1.21.1)
Project "Create" successfully added! (create-1.21.1-6.0.10.jar)
Searching Modrinth...
Finding dependencies...
All dependencies are already added!
Project "Create Aeronautics" successfully added! (create-aeronautics-bundled-1.21.1-1.2.1.jar)
Searching Modrinth...
Project "Create Auto Track" successfully added! (create_auto_track-2.0.2.jar)
Searching Modrinth...
Finding dependencies...
Dependencies found:
Ritchie's Projectile Library
Would you like to add them? [Y/n]: Y (non-interactive mode)
Dependency "Ritchie's Projectile Library" successfully added! (ritchiesprojectilelib-2.1.2+mc.1.21.1-neoforge.jar)
Project "Create Big Cannons" successfully added! (createbigcannons-5.11.3+mc.1.21.1.jar)
Searching Modrinth...
Project "Create Deco" successfully added! (createdeco-2.1.3.jar)
Searching Modrinth...
Warning: Modrinth versions for Create: Hypertubes inconsistent between latest version number and newest release date (0.4.0 vs 0.4.0-COMPAT)
Finding dependencies...
All dependencies are already added!
Project "Create: Hypertubes" successfully added! (create_hypertube-0.4.0-COMPAT-NEOFORGE.jar)
Searching CurseForge...
Project "Create: Tracks" successfully added! (tracks-neoforge-1.21.1-1.0.1.jar)
Searching Modrinth...
Finding dependencies...
All dependencies are already added!
Project "Create: Copycats+" successfully added! (copycats-3.0.4+mc.1.21.1-neoforge.jar)
Searching Modrinth...
Finding dependencies...
All dependencies are already added!
Project "Create: Deep Dark" successfully added! (create_deep_dark-3.0.2-neoforge-1.21.1.jar)
Searching Modrinth...
Finding dependencies...
All dependencies are already added!
Project "Create: Dragons Plus" successfully added! (CreateDragonsPlus-1.10.1.jar)
Searching Modrinth...
Finding dependencies...
All dependencies are already added!
Project "Create: Enchantment Industry" successfully added! (create-enchantment-industry-2.3.1.jar)
Searching Modrinth...
Finding dependencies...
All dependencies are already added!
Project "Create: Sound of Steam" successfully added! (pipeorgans-0.8.2+1.21.1.jar)
Searching Modrinth...
Finding dependencies...
All dependencies are already added!
Project "Create: Sound of Steam: Tuning Wrench" successfully added! (tuningwrench-1.1.0-1.21.1.jar)
Searching Modrinth...
Finding dependencies...
All dependencies are already added!
Project "Steam 'n' Rails Neoforge" successfully added! (railways-0.2.0+neoforge-mc1.21.1.jar)
Searching Modrinth...
Finding dependencies...
All dependencies are already added!
Project "Create: The Factory Must Grow" successfully added! (tfmg-1.2.0.jar)
Searching Modrinth...
Finding dependencies...
All dependencies are already added!
Project "Create: Misc and Things" successfully added! (create_things_and_misc-4.1.0-neoforge-1.21.1.jar)
Searching Modrinth...
Project "Create: Towed" successfully added! (towed-1.2.0.jar)
Searching Modrinth...
Project "Curios API" successfully added! (curios-neoforge-9.5.1+1.21.1.jar)
Searching CurseForge...
Project "Domum Ornamentum" successfully added! (domum-ornamentum-1.0.233-snapshot-main.jar)
Searching Modrinth...
Project "Dynamic Trees" successfully added! (dynamictrees-neoforge-1.21.1-1.7.0.jar)
Searching Modrinth...
Finding dependencies...
All dependencies are already added!
Project "Dynamic Trees Plus" successfully added! (DynamicTreesPlus-neoforge-1.21.1-1.3.2.jar)
Searching Modrinth...
Finding dependencies...
All dependencies are already added!
Project "Easy Anvils" successfully added! (EasyAnvils-v21.1.0-1.21.1-NeoForge.jar)
Searching Modrinth...
Finding dependencies...
Dependencies found:
Geckolib
Resourceful Lib
Would you like to add them? [Y/n]: Y (non-interactive mode)
Dependency "Geckolib" successfully added! (geckolib-neoforge-1.21.1-4.8.4.jar)
Dependency "Resourceful Lib" successfully added! (resourcefullib-neoforge-1.21-3.0.12.jar)
Project "Enderman Overhaul" successfully added! (endermanoverhaul-neoforge-1.21.1-2.0.3.jar)
Project "Etched" successfully added! (etched-5.0.1.jar)
Project "Exposure" successfully added! (exposure-neoforge-1.21.1-1.9.16.jar)
Searching Modrinth...
Finding dependencies...
All dependencies are already added!
Project "Exposure: Polaroid" successfully added! (exposure_polaroid-neoforge-1.21.1-1.1.4.jar)
Searching Modrinth...
Project "FerriteCore" successfully added! (ferritecore-7.0.3-neoforge.jar)
Searching Modrinth...
Project "Forgified Fabric API" successfully added! (forgified-fabric-api-0.116.7+2.2.4+1.21.1.jar)
Searching Modrinth...
Failed to add project: no projects found
Searching Modrinth...
Project "GraveStone Mod" successfully added! (gravestone-neoforge-1.21.1-1.0.37.jar)
Searching Modrinth...
Project "Immersive Armors" successfully added! (immersive_armors-1.7.6+1.21.1-neoforge.jar)
Searching Modrinth...
Project "Immersive Enchanting" successfully added! (immersiveenchanting-5.0.1-neoforge-1.21.1.jar)
Searching Modrinth...
Project "Immersive Melodies" successfully added! (immersive_melodies-neoforge-0.6.4+1.21.1.jar)
Finding dependencies...
All dependencies are already added!
Project "JamLib" successfully added! (jamlib-neoforge-1.3.6+1.21.1.jar)
Searching Modrinth...
Project "Kotlin for Forge" successfully added! (kotlinforforge-5.11.0-all.jar)
Project "LibJF" successfully added! (libjf-3.17.6+forge.jar)
Project "Lithium" successfully added! (lithium-neoforge-0.15.3+mc1.21.1.jar)
Searching CurseForge...
Project "Banner Knights Of The Realm" successfully added! (Knights Of The Realm.zip)
Project "ModernFix" successfully added! (modernfix-neoforge-5.27.8+mc1.21.1.jar)
Searching Modrinth...
Warning: Modrinth versions for Moonlight Lib inconsistent between latest version number and newest release date (neoforge_1.21-2.18.11 vs 1.21.1-3.0.9)
Project "Moonlight Lib" successfully added! (moonlight-neoforge-1.21.1-3.0.9.jar)
Searching CurseForge...
Project "Project Conquest" successfully added! (Project Conquest.zip)
Finding dependencies...
All dependencies are already added!
Project "Naturalist" successfully added! (naturalist-1.0.2-neoforge-1.21.1.jar)
Searching CurseForge...
Finding dependencies...
Dependencies found:
Architectury API
Would you like to add them? [Y/n]: Y (non-interactive mode)
Dependency "Architectury API" successfully added! (architectury-13.0.8-neoforge.jar)
Project "ShatterLib | OctoLib" successfully added! (OctoLib-NEOFORGE-0.6.2+1.21.jar)
Searching Modrinth...
Project "Open Parties and Claims" successfully added! (open-parties-and-claims-neoforge-1.21.1-0.26.2.jar)
Searching CurseForge...
Finding dependencies...
Dependencies found:
MineColonies
Structurize
Multi-Piston
BlockUI
TownTalk
Would you like to add them? [Y/n]: Y (non-interactive mode)
Dependency "MineColonies" successfully added! (minecolonies-1.1.1307-1.21.1-snapshot.jar)
Dependency "Structurize" successfully added! (structurize-1.0.823-1.21.1-snapshot.jar)
Dependency "Multi-Piston" successfully added! (multipiston-1.2.58-1.21.1.jar)
Dependency "BlockUI" successfully added! (blockui-1.0.211-1.21.1-snapshot.jar)
Dependency "TownTalk" successfully added! (towntalk-1.2.0.jar)
Project "Pathfinding Edition For MineColonies" successfully added! (colonypathingedition-1.21.1-1.0.5-BETA-8.5.jar)
Searching Modrinth...
Project "Ping Wheel" successfully added! (Ping-Wheel-1.12.2-neoforge-1.21.1.jar)
Searching Modrinth...
Finding dependencies...
Dependencies found:
playerAnimator
Would you like to add them? [Y/n]: Y (non-interactive mode)
Dependency "playerAnimator" successfully added! (player-animation-lib-forge-2.0.4+1.21.1.jar)
Project "Zigy's Player Animator API" successfully added! (playeranimatorapi-neoforge-1.21-2.2.1.jar)
Project "Polymorph" successfully added! (polymorph-neoforge-1.1.0+1.21.1.jar)
Searching Modrinth...
Project "Puzzles Lib" successfully added! (PuzzlesLib-v21.1.39-1.21.1-NeoForge.jar)
Searching Modrinth...
Project "Resourceful Lib" successfully added! (resourcefullib-neoforge-1.21-3.0.12.jar)
Searching Modrinth...
Project "Resourceful Config" successfully added! (resourcefulconfig-neoforge-1.21-3.0.11.jar)
Searching Modrinth...
Project "Ritchie's Projectile Library" successfully added! (ritchiesprojectilelib-2.1.2+mc.1.21.1-neoforge.jar)
Project "Sable" successfully added! (sable-neoforge-1.21.1-1.2.2.jar)
Searching Modrinth...
Finding dependencies...
All dependencies are already added!
Project "Sinytra Connector" successfully added! (connector-2.0.0-beta.14+1.21.1-full.jar)
Searching Modrinth...
Warning: Modrinth versions for Sleep Tight inconsistent between latest version number and newest release date (neoforge_1.21-1.3.3 vs 1.21-1.4.1-neoforge)
Finding dependencies...
All dependencies are already added!
Project "Sleep Tight" successfully added! (sleep_tight-1.21-1.4.1-neoforge.jar)
Searching CurseForge...
Finding dependencies...
All dependencies are already added!
Project "Structurize" successfully added! (structurize-1.0.823-1.21.1-snapshot.jar)
Searching CurseForge...
Finding dependencies...
All dependencies are already added!
Project "Stylecolonies" successfully added! (stylecolonies-1.15.51-1.21.1.jar)
Warning: Modrinth versions for Supplementaries inconsistent between latest version number and newest release date (neoforge_1.21-3.4.20 vs 1.21.1-3.6.4)
Finding dependencies...
All dependencies are already added!
Project "Supplementaries" successfully added! (supplementaries-neoforge-1.21.1-3.6.4.jar)
Searching Modrinth...
Finding dependencies...
Failed to get latest version of dependency Fabric API: no valid versions found
	Use the 'packwiz settings acceptable-versions' command to accept more game versions
	To use datapacks, add a datapack loader mod and specify the datapack-folder option with the folder this mod loads datapacks from
All dependencies are already added!
Project "Surveyor Map Framework" successfully added! (surveyor-1.2.4+1.21.jar)
Searching Modrinth...
Finding dependencies...
All dependencies are already added!
Project "Thick Air" successfully added! (thick_air-1.21.1-NeoForge-1.1.2.jar)
Searching CurseForge...
Project "TownTalk" successfully added! (towntalk-1.2.0.jar)
Searching Modrinth...
Project "Traveler's Backpack" successfully added! (travelersbackpack-neoforge-1.21.1-10.1.35.jar)
Searching CurseForge...
Finding dependencies...
Dependencies found:
Cloth Config API (Fabric/Forge/NeoForge)
Would you like to add them? [Y/n]: Y (non-interactive mode)
Dependency "Cloth Config API (Fabric/Forge/NeoForge)" successfully added! (cloth-config-15.0.140-neoforge.jar)
Project "Alexandria" successfully added! (Alexandria-1.0.3.3.2+1.21.1-neoforge.jar)
Searching Modrinth...
Project "vista" successfully added! (vista-neoforge-1.21.1-4.3.1.jar)
Searching Modrinth...
Failed to add project: no projects found
Failed to add project: failed to get latest version: no valid versions found
	Use the 'packwiz settings acceptable-versions' command to accept more game versions
	To use datapacks, add a datapack loader mod and specify the datapack-folder option with the folder this mod loads datapacks from
Finding dependencies...
All dependencies are already added!
Project "Wayfinder" successfully added! (Wayfinder-NeoForge-1.1.0-1.21.1.jar)
Searching Modrinth...
Finding dependencies...
All dependencies are already added!
Project "What Are They Up To (Watut)" successfully added! (watut-neoforge-1.21.0-1.2.7.jar)
Searching Modrinth...
Project "YetAnotherConfigLib (YACL)" successfully added! (yet_another_config_lib_v3-3.8.2+1.21.1-neoforge.jar)
Searching Modrinth...
Project "YUNG's API" successfully added! (YungsApi-1.21.1-NeoForge-5.1.6.jar)
Loading modpack...
Refreshing index... 100 % [=================================================] 0s
[1A[JRefreshing index... 100 % [===============================================] done
[1A[JRefreshing index... 100 % [===============================================] done
Index refreshed!
